// Jest Snapshot v1, https://goo.gl/fbAQLP

exports[`Greeter greets 1`] = `"Hello, World!"`;
